// Jest Snapshot v1, https://goo.gl/fbAQLP

exports[`SocialMediaItem should render with required props 1`] = `
<div
  className="SocialMediaItem"
>
  <a
    href="https://facebook.com"
    rel="noopener noreferrer"
    target="_blank"
  >
    <span
      className="ScreenReaderOnly"
    >
      Opens in new window
    </span>
    <test-file-mock
      fill="blue"
    />
  </a>
</div>
`;
